python : Creating 
test database for 
alias 'default' ('fil
e:memorydb_default?mo
de=memory&cache=share
d')...
No linha:1 
caractere:1
+ python manage.py 
test loja.tests_check
out_flow.CheckoutFlow
Test.test_ ...
+ ~~~~~~~~~~~~~~~~~~~
~~~~~~~~~~~~~~~~~~~~~
~~~~~~~~~~~~~~~~~~~~~
~~~~~~~~
    + CategoryInfo   
           : NotSpe  
  cified: (Creatin   
 g test d...che=s    
hared')...:Strin    
g) [], RemoteExc    
eption
    + FullyQualified 
   ErrorId : Native  
  CommandError
 

Found 1 test(s).
Operations to perform:
  Synchronize unmigrated apps: cloudinary, corsheaders, gbstr, messages, rest_framework, staticfiles
  Apply all migrations: admin, auth, authtoken, contenttypes, loja, sessions
Synchronizing apps without migrations:
  Creating tables...
    Running deferred SQL...
Running migrations:
  Applying contenttypes.0001_initial... OK
  Applying contenttypes.0002_remove_content_type_name... OK
  Applying auth.0001_initial... OK
  Applying auth.0002_alter_permission_name_max_length... OK
  Applying auth.0003_alter_user_email_max_length... OK
  Applying auth.0004_alter_user_username_opts... OK
  Applying auth.0005_alter_user_last_login_null... OK
  Applying auth.0006_require_contenttypes_0002... OK
  Applying auth.0007_alter_validators_add_error_messages... OK
  Applying auth.0008_alter_user_username_max_length... OK
  Applying auth.0009_alter_user_last_name_max_length... OK
  Applying auth.0010_alter_group_name_max_length... OK
  Applying auth.0011_update_proxy_permissions... OK
  Applying auth.0012_alter_user_first_name_max_length... OK
  Applying loja.0001_initial... OK
  Applying admin.0001_initial... OK
  Applying admin.0002_logentry_remove_auto_add... OK
  Applying admin.0003_logentry_add_action_flag_choices... OK
  Applying authtoken.0001_initial... OK
  Applying authtoken.0002_auto_20160226_1747... OK
  Applying authtoken.0003_tokenproxy... OK
  Applying authtoken.0004_alter_tokenproxy_options... OK
  Applying loja.0002_feedpost_produto_is_available_productdiscount... OK
test_checkout_success
 (loja.tests_checkout
_flow.CheckoutFlowTes
t.test_checkout_succe
ss) ... ERROR

=====================
=====================
=====================
=======
ERROR: test_checkout_
success (loja.tests_c
heckout_flow.Checkout
FlowTest.test_checkou
t_success)
---------------------
---------------------
---------------------
-------
Traceback (most 
recent call last):
  File "C:\Users\guil
h\AppData\Local\Progr
ams\Python\Python312\
Lib\site-packages\dja
ngo\db\backends\utils
.py", line 105, in 
_execute
    return self.curso
r.execute(sql, 
params)
           ^^^^^^^^^^
^^^^^^^^^^^^^^^^^^^^^
^
  File "C:\Users\guil
h\AppData\Local\Progr
ams\Python\Python312\
Lib\site-packages\dja
ngo\db\backends\sqlit
e3\base.py", line 
360, in execute
    return super().ex
ecute(query, params)
           ^^^^^^^^^^
^^^^^^^^^^^^^^^^^^^^
sqlite3.IntegrityErro
r: NOT NULL 
constraint failed: 
loja_produto.img_prod

The above exception 
was the direct cause 
of the following 
exception:

Traceback (most 
recent call last):
  File "C:\xampp\htdo
cs\gblack_store\loja\
tests_checkout_flow.p
y", line 15, in setUp
    self.produto = Pr
oduto.objects.create(
                   ^^
^^^^^^^^^^^^^^^^^^^^^
  File "C:\Users\guil
h\AppData\Local\Progr
ams\Python\Python312\
Lib\site-packages\dja
ngo\db\models\manager
.py", line 87, in 
manager_method
    return getattr(se
lf.get_queryset(), 
name)(*args, 
**kwargs)
           ^^^^^^^^^^
^^^^^^^^^^^^^^^^^^^^^
^^^^^^^^^^^^^^^^^^^^
  File "C:\Users\guil
h\AppData\Local\Progr
ams\Python\Python312\
Lib\site-packages\dja
ngo\db\models\query.p
y", line 665, in 
create
    obj.save(force_in
sert=True, 
using=self.db)
  File "C:\Users\guil
h\AppData\Local\Progr
ams\Python\Python312\
Lib\site-packages\dja
ngo\db\models\base.py
", line 902, in save
    self.save_base(
  File "C:\Users\guil
h\AppData\Local\Progr
ams\Python\Python312\
Lib\site-packages\dja
ngo\db\models\base.py
", line 1008, in 
save_base
    updated = 
self._save_table(
              
^^^^^^^^^^^^^^^^^
  File "C:\Users\guil
h\AppData\Local\Progr
ams\Python\Python312\
Lib\site-packages\dja
ngo\db\models\base.py
", line 1169, in 
_save_table
    results = 
self._do_insert(
              
^^^^^^^^^^^^^^^^
  File "C:\Users\guil
h\AppData\Local\Progr
ams\Python\Python312\
Lib\site-packages\dja
ngo\db\models\base.py
", line 1210, in 
_do_insert
    return 
manager._insert(
           
^^^^^^^^^^^^^^^^
  File "C:\Users\guil
h\AppData\Local\Progr
ams\Python\Python312\
Lib\site-packages\dja
ngo\db\models\manager
.py", line 87, in 
manager_method
    return getattr(se
lf.get_queryset(), 
name)(*args, 
**kwargs)
           ^^^^^^^^^^
^^^^^^^^^^^^^^^^^^^^^
^^^^^^^^^^^^^^^^^^^^
  File "C:\Users\guil
h\AppData\Local\Progr
ams\Python\Python312\
Lib\site-packages\dja
ngo\db\models\query.p
y", line 1873, in 
_insert
    return query.get_
compiler(using=using)
.execute_sql(returnin
g_fields)
           ^^^^^^^^^^
^^^^^^^^^^^^^^^^^^^^^
^^^^^^^^^^^^^^^^^^^^^
^^^^^^^^^
  File "C:\Users\guil
h\AppData\Local\Progr
ams\Python\Python312\
Lib\site-packages\dja
ngo\db\models\sql\com
piler.py", line 
1882, in execute_sql
    
cursor.execute(sql, 
params)
  File "C:\Users\guil
h\AppData\Local\Progr
ams\Python\Python312\
Lib\site-packages\dja
ngo\db\backends\utils
.py", line 79, in 
execute
    return self._exec
ute_with_wrappers(
           ^^^^^^^^^^
^^^^^^^^^^^^^^^^^^
  File "C:\Users\guil
h\AppData\Local\Progr
ams\Python\Python312\
Lib\site-packages\dja
ngo\db\backends\utils
.py", line 92, in _ex
ecute_with_wrappers
    return 
executor(sql, 
params, many, 
context)
           ^^^^^^^^^^
^^^^^^^^^^^^^^^^^^^^^
^^^^^
  File "C:\Users\guil
h\AppData\Local\Progr
ams\Python\Python312\
Lib\site-packages\dja
ngo\db\backends\utils
.py", line 100, in 
_execute
    with self.db.wrap
_database_errors:
  File "C:\Users\guil
h\AppData\Local\Progr
ams\Python\Python312\
Lib\site-packages\dja
ngo\db\utils.py", 
line 91, in __exit__
    raise dj_exc_valu
e.with_traceback(trac
eback) from exc_value
  File "C:\Users\guil
h\AppData\Local\Progr
ams\Python\Python312\
Lib\site-packages\dja
ngo\db\backends\utils
.py", line 105, in 
_execute
    return self.curso
r.execute(sql, 
params)
           ^^^^^^^^^^
^^^^^^^^^^^^^^^^^^^^^
^
  File "C:\Users\guil
h\AppData\Local\Progr
ams\Python\Python312\
Lib\site-packages\dja
ngo\db\backends\sqlit
e3\base.py", line 
360, in execute
    return super().ex
ecute(query, params)
           ^^^^^^^^^^
^^^^^^^^^^^^^^^^^^^^
django.db.utils.Integ
rityError: NOT NULL 
constraint failed: 
loja_produto.img_prod

---------------------
---------------------
---------------------
-------
Ran 1 test in 0.335s

FAILED (errors=1)
Destroying test 
database for alias 
'default' ('file:memo
rydb_default?mode=mem
ory&cache=shared')...

  Applying sessions.0001_initial... OK
System check identified no issues (0 silenced).
